// Jest Snapshot v1, https://goo.gl/fbAQLP

exports[`Pruebas en GifItem component Debe hacer match con el snapshot 1`] = `
<div>
  <div
    class="card"
  >
    <img
      alt="One piece"
      src="https://onepiece.com/onepiece.gif"
    />
    <p>
      One piece
    </p>
  </div>
</div>
`;
